../Core/Src/main.c:83:5:main	8	static
../Core/Src/main.c:134:6:SystemClock_Config	88	static
../Core/Src/main.c:182:13:MX_ADC1_Init	24	static
../Core/Src/main.c:234:13:MX_I2C1_Init	8	static
../Core/Src/main.c:268:13:MX_I2C3_Init	8	static
../Core/Src/main.c:302:13:MX_TIM2_Init	64	static
../Core/Src/main.c:373:13:MX_TIM3_Init	64	static
../Core/Src/main.c:436:13:MX_USART1_UART_Init	8	static
../Core/Src/main.c:469:13:MX_USB_OTG_FS_PCD_Init	8	static
../Core/Src/main.c:504:13:MX_GPIO_Init	40	static
../Core/Src/main.c:539:6:Error_Handler	4	static,ignoring_inline_asm
